ne 1403:96:  'index' is defined but never used. Allowed unused args must match /^_/u                       @typescript-eslint/no-unused-vars
  Line 1726:39:  'escapedQuote' is assigned a value but never used. Allowed unused vars must match /^_/u       @typescript-eslint/no-unused-vars
    Line 1930:35:  'containsCodeBlock' is assigned a value but never used. Allowed unused vars must match /^_/u  @typescript-eslint/no-unused-vars
      Line 2143:5:   Unreachable code                                                                              no-unreachable

      src/components/App.tsx
        Line 1:46:    'useLayoutEffect' is defined but never used. Allowed unused vars must match /^_/u                                     @typescript-eslint/no-unused-vars
          Line 13:5:    'Ex
> frontend@0.3.13 build
> craco build && npm run copy-to-templates

Creating an optimized production build...
Compiled with warnings.

Module not found: Error: Can't resolve 'pako' in '/Users/dcohn/workspace/ziya-0.3.12.0/frontend/src/plugins/d3'

Critical dependency: the request of a dependency is an expression

Module not found: Error: Can't resolve '../internal/mcpBuilderFormatter' in '/Users/dcohn/workspace/ziya-0.3.12.0/frontend/src/utils'

`webpackPrefetch` expected true or a number, but received: false.

`webpackPreload` expected true or a number, but received: false.

[eslint]
src/apis/chatApi.ts
  Line 375:10:   'extractErrorFromNestedOps' is defined but never used. Allowed unused vars must match /^_/u   @typescript-eslint/no-unused-vars
  LiportOutlined' is defined but never used. Allowed unused vars must match /^_/u                                      @typescript-eslint/no-unused-vars
  Line 74:37:   'error' is defined but never used. Allowed unused args must match /^_/u                                               @typescript-eslint/no-unused-vars
  Line 102:93:  'recordManualScroll' is assigned a value but never used. Allowed unused vars must match /^_/u                         @typescript-eslint/no-unused-vars
  Line 133:9:   'isAtActiveEnd' is assigned a value but never used. Allowed unused vars must match /^_/u                              @typescript-eslint/no-unused-vars
  Line 162:8:   React Hook useEffect has a missing dependency: 'handlePanelResize'. Either include it or remove the dependency array  react-hooks/exhaustive-deps

src/components/ApplyDiffTest.tsx
  Line 18:12:  'isLoading' is assigned a value but never used. Allowed unused vars must match /^_/u   @typescript-eslint/no-unused-vars
  Line 20:12:  'categories' is assigned a value but never used. Allowed unused vars must match /^_/u  @typescript-eslint/no-unused-vars
  Line 95:11:  'runTest' is assigned a value but never used. Allowed unused vars must match /^_/u     @typescript-eslint/no-unused-vars

src/components/Conversation.tsx
  Line 1:36:    'Suspense' is defined but never used. Allowed unused vars must match /^_/u                                                                                                                                                                                                                         @typescript-eslint/no-unused-vars
  Line 1:74:    'useState' is defined but never used. Allowed unused vars must match /^_/u                                                                                                                                                                                                                         @typescript-eslint/no-unused-vars
  Line 37:9:    'userHasScrolled' is assigned a value but never used. Allowed unused vars must match /^_/u                                                                                                                                                                                                         @typescript-eslint/no-unused-vars
  Line 294:8:   React Hook useCallback has a duplicate dependency: 'setStreamedContentMap'. Either omit it or remove the dependency array                                                                                                                                                                          react-hooks/exhaustive-deps
  Line 324:15:  'systemMessageKey' is assigned a value but never used. Allowed unused vars must match /^_/u                                                                                                                                                                                                        @typescript-eslint/no-unused-vars
  Line 430:8:   React Hook useCallback has a missing dependency: 'onOpenShellConfig'. Either include it or remove the dependency array                                                                                                                                                                             react-hooks/exhaustive-deps
  Line 442:11:  'conversationHasStreamedContent' is assigned a value but never used. Allowed unused vars must match /^_/u                                                                                                                                                                                          @typescript-eslint/no-unused-vars
  Line 478:15:  'currentSet' is assigned a value but never used. Allowed unused vars must match /^_/u                                                                                                                                                                                                              @typescript-eslint/no-unused-vars
  Line 537:38:  The ref value 'processedModelChangesRef.current' will likely have changed by the time this effect cleanup function runs. If this ref points to a node rendered by React, copy 'processedModelChangesRef.current' to a variable inside the effect, and use that variable in the cleanup function    react-hooks/exhaustive-deps
  Line 538:39:  The ref value 'renderedSystemMessagesRef.current' will likely have changed by the time this effect cleanup function runs. If this ref points to a node rendered by React, copy 'renderedSystemMessagesRef.current' to a variable inside the effect, and use that variable in the cleanup function  react-hooks/exhaustive-deps

src/components/ConversationHealthDebug.tsx
  Line 18:9:    'Panel' is assigned a value but never used. Allowed unused vars must match /^_/u                                   @typescript-eslint/no-unused-vars
  Line 148:8:   React Hook useEffect has a missing dependency: 'runHealthCheck'. Either include it or remove the dependency array  react-hooks/exhaustive-deps
  Line 152:19:  'dbConversations' is assigned a value but never used. Allowed unused vars must match /^_/u                         @typescript-eslint/no-unused-vars

src/components/D3Renderer.tsx
  Line 3:10:    'Spin' is defined but never used. Allowed unused vars must match /^_/u                                                                                                                                                                                                                                                                                                                                                              @typescript-eslint/no-unused-vars
  Line 5:29:    'loadPlugin' is defined but never used. Allowed unused vars must match /^_/u                                                                                                                                                                                                                                                                                                                                                        @typescript-eslint/no-unused-vars
  Line 58:10:   'estimateDiagramSize' is defined but never used. Allowed unused vars must match /^_/u                                                                                                                                                                                                                                                                                                                                               @typescript-eslint/no-unused-vars
  Line 91:5:    'onError' is defined but never used. Allowed unused args must match /^_/u                                                                                                                                                                                                                                                                                                                                                           @typescript-eslint/no-unused-vars
  Line 95:5:    'config' is assigned a value but never used. Allowed unused vars must match /^_/u                                                                                                                                                                                                                                                                                                                                                   @typescript-eslint/no-unused-vars
  Line 103:12:  'displayWaitingMessage' is assigned a value but never used. Allowed unused vars must match /^_/u                                                                                                                                                                                                                                                                                                                                    @typescript-eslint/no-unused-vars
  Line 109:12:  'vegaEmbed' is assigned a value but never used. Allowed unused vars must match /^_/u                                                                                                                                                                                                                                                                                                                                                @typescript-eslint/no-unused-vars
  Line 109:23:  'setVegaEmbed' is assigned a value but never used. Allowed unused vars must match /^_/u                                                                                                                                                                                                                                                                                                                                             @typescript-eslint/no-unused-vars
  Line 141:26:  'setReservedSize' is assigned a value but never used. Allowed unused vars must match /^_/u                                                                                                                                                                                                                                                                                                                                          @typescript-eslint/no-unused-vars
  Line 205:8:   React Hook useEffect has missing dependencies: 'renderingStarted' and 'showRawContent'. Either include them or remove the dependency array. Mutable values like 'hasSuccessfulRenderRef.current' aren't valid dependencies because mutating them doesn't re-render the component                                                                                                                                                    react-hooks/exhaustive-deps
  Line 253:36:  The ref value 'd3ContainerRef.current' will likely have changed by the time this effect cleanup function runs. If this ref points to a node rendered by React, copy 'd3ContainerRef.current' to a variable inside the effect, and use that variable in the cleanup function                                                                                                                                                         react-hooks/exhaustive-deps
  Line 259:8:   React Hook useEffect has a missing dependency: 'd3'. Either include it or remove the dependency array                                                                                                                                                                                                                                                                                                                               react-hooks/exhaustive-deps
  Line 649:8:   React Hook useCallback has missing dependencies: 'cacheKey', 'd3', 'hasAttemptedRender', 'height', 'isLoading', 'isMarkdownBlockClosed', 'isStreaming', 'onLoad', 'plugin', 'renderError', 'renderingStarted', 'showRawContent', 'spec', 'type', and 'width'. Either include them or remove the dependency array. If 'onLoad' changes too often, find the parent component that defines it and wrap that definition in useCallback  react-hooks/exhaustive-deps
  Line 665:8:   React Hook useEffect has missing dependencies: 'forceRender', 'initializeVisualization', and 'spec'. Either include them or remove the dependency array                                                                                                                                                                                                                                                                             react-hooks/exhaustive-deps
  Line 703:8:   React Hook useEffect has a missing dependency: 'plugin'. Either include it or remove the dependency array                                                                                                                                                                                                                                                                                                                           react-hooks/exhaustive-deps
  Line 754:8:   React Hook useEffect has missing dependencies: 'initializeVisualization', 'renderError', and 'renderingStarted'. Either include them or remove the dependency array                                                                                                                                                                                                                                                                 react-hooks/exhaustive-deps
  Line 758:8:   React Hook useMemo has a missing dependency: 'plugin'. Either include it or remove the dependency array                                                                                                                                                                                                                                                                                                                             react-hooks/exhaustive-deps
  Line 797:8:   React Hook useMemo has an unnecessary dependency: 'height'. Either exclude it or remove the dependency array                                                                                                                                                                                                                                                                                                                        react-hooks/exhaustive-deps
  Line 817:11:  'openInPopout' is assigned a value but never used. Allowed unused vars must match /^_/u                                                                                                                                                                                                                                                                                                                                             @typescript-eslint/no-unused-vars
  Line 982:11:  'saveSvg' is assigned a value but never used. Allowed unused vars must match /^_/u                                                                                                                                                                                                                                                                                                                                                  @typescript-eslint/no-unused-vars

src/components/Debug.tsx
  Line 32:12:  'testReport' is assigned a value but never used. Allowed unused vars must match /^_/u  @typescript-eslint/no-unused-vars

src/components/DiffLine.tsx
  Line 212:8:  React Hook useLayoutEffect has a missing dependency: 'visualizeWhitespace'. Either include it or remove the dependency array  react-hooks/exhaustive-deps

src/components/EditSection.tsx
  Line 4:10:  'Message' is defined but never used. Allowed unused vars must match /^_/u  @typescript-eslint/no-unused-vars

src/components/FolderTree.tsx
  Line 1:59:   'lazy' is defined but never used. Allowed unused vars must match /^_/u                                                 @typescript-eslint/no-unused-vars
  Line 1:65:   'Suspense' is defined but never used. Allowed unused vars must match /^_/u                                             @typescript-eslint/no-unused-vars
  Line 3:28:   'FolderProvider' is defined but never used. Allowed unused vars must match /^_/u                                       @typescript-eslint/no-unused-vars
  Line 39:12:  'panelWidth' is assigned a value but never used. Allowed unused vars must match /^_/u                                  @typescript-eslint/no-unused-vars
  Line 116:8:  React Hook useCallback has a missing dependency: 'fetchModelId'. Either include it or remove the dependency array      react-hooks/exhaustive-deps
  Line 129:8:  React Hook useCallback has a missing dependency: 'modelDisplayName'. Either include it or remove the dependency array  react-hooks/exhaustive-deps

src/components/HTMLMockupRenderer.tsx
  Line 3:10:  'EyeOutlined' is defined but never used. Allowed unused vars must match /^_/u  @typescript-eslint/no-unused-vars

src/components/MCPRegistryModal.tsx
  Line 3:82:     'Progress' is defined but never used. Allowed unused vars must match /^_/u                                      @typescript-eslint/no-unused-vars
  Line 4:114:    'Popconfirm' is defined but never used. Allowed unused vars must match /^_/u                                    @typescript-eslint/no-unused-vars
  Line 6:8:      'MarkdownRenderer' is defined but never used. Allowed unused vars must match /^_/u                              @typescript-eslint/no-unused-vars
  Line 8:5:      'SearchOutlined' is defined but never used. Allowed unused vars must match /^_/u                                @typescript-eslint/no-unused-vars
  Line 31:15:    'Title' is assigned a value but never used. Allowed unused vars must match /^_/u                                @typescript-eslint/no-unused-vars
  Line 353:8:    React Hook useEffect has a missing dependency: 'searchQuery'. Either include it or remove the dependency array  react-hooks/exhaustive-deps
  Line 363:8:    React Hook useEffect has a missing dependency: 'searchTools'. Either include it or remove the dependency array  react-hooks/exhaustive-deps
  Line 368:19:   'category' is assigned a value but never used. Allowed unused vars must match /^_/u                             @typescript-eslint/no-unused-vars
  Line 1228:11:  'renderToolSearchResult' is assigned a value but never used. Allowed unused vars must match /^_/u               @typescript-eslint/no-unused-vars
  Line 1286:93:  'index' is defined but never used. Allowed unused args must match /^_/u                                         @typescript-eslint/no-unused-vars

src/components/MCPStatusModal.tsx
  Line 2:118:   'Tooltip' is defined but never used. Allowed unused vars must match /^_/u                          @typescript-eslint/no-unused-vars
  Line 2:127:   'Statistic' is defined but never used. Allowed unused vars must match /^_/u                        @typescript-eslint/no-unused-vars
  Line 2:138:   'Card' is defined but never used. Allowed unused vars must match /^_/u                             @typescript-eslint/no-unused-vars
  Line 9:5:     'ReloadOutlined' is defined but never used. Allowed unused vars must match /^_/u                   @typescript-eslint/no-unused-vars
  Line 12:5:    'FileTextOutlined' is defined but never used. Allowed unused vars must match /^_/u                 @typescript-eslint/no-unused-vars
  Line 15:5:    'WarningOutlined' is defined but never used. Allowed unused vars must match /^_/u                  @typescript-eslint/no-unused-vars
  Line 20:9:    'Option' is assigned a value but never used. Allowed unused vars must match /^_/u                  @typescript-eslint/no-unused-vars
  Line 259:23:  'result' is assigned a value but never used. Allowed unused vars must match /^_/u                  @typescript-eslint/no-unused-vars
  Line 275:11:  'updateServerPermission' is assigned a value but never used. Allowed unused vars must match /^_/u  @typescript-eslint/no-unused-vars
  Line 380:51:  'index' is defined but never used. Allowed unused args must match /^_/u                            @typescript-eslint/no-unused-vars
  Line 481:39:  'savingsPercent' is assigned a value but never used. Allowed unused vars must match /^_/u          @typescript-eslint/no-unused-vars
  Line 704:39:  'name' is defined but never used. Allowed unused args must match /^_/u                             @typescript-eslint/no-unused-vars
  Line 867:35:  'serverPermission' is assigned a value but never used. Allowed unused vars must match /^_/u        @typescript-eslint/no-unused-vars
  Line 911:59:  'enabledTools' is assigned a value but never used. Allowed unused vars must match /^_/u            @typescript-eslint/no-unused-vars
  Line 912:59:  'totalTools' is assigned a value but never used. Allowed unused vars must match /^_/u              @typescript-eslint/no-unused-vars

src/components/MUIChatHistory.tsx
  Line 187:5:    'onMove' is assigned a value but never used. Allowed unused vars must match /^_/u                                                                                                                                  @typescript-eslint/no-unused-vars
  Line 192:5:    'onMoveFolder' is assigned a value but never used. Allowed unused vars must match /^_/u                                                                                                                            @typescript-eslint/no-unused-vars
  Line 193:5:    'onCustomDragEnd' is assigned a value but never used. Allowed unused vars must match /^_/u                                                                                                                         @typescript-eslint/no-unused-vars
  Line 472:6:    React Hook useMemo has a missing dependency: 'isDescendantFolder'. Either include it or remove the dependency array                                                                                                react-hooks/exhaustive-deps
  Line 541:5:    'isLoadingConversation' is assigned a value but never used. Allowed unused vars must match /^_/u                                                                                                                   @typescript-eslint/no-unused-vars
  Line 562:10:   'newFolderDialogOpen' is assigned a value but never used. Allowed unused vars must match /^_/u                                                                                                                     @typescript-eslint/no-unused-vars
  Line 562:31:   'setNewFolderDialogOpen' is assigned a value but never used. Allowed unused vars must match /^_/u                                                                                                                  @typescript-eslint/no-unused-vars
  Line 563:10:   'newFolderName' is assigned a value but never used. Allowed unused vars must match /^_/u                                                                                                                           @typescript-eslint/no-unused-vars
  Line 563:25:   'setNewFolderName' is assigned a value but never used. Allowed unused vars must match /^_/u                                                                                                                        @typescript-eslint/no-unused-vars
  Line 662:6:    React Hook useEffect has a missing dependency: 'folders'. Either include it or remove the dependency array                                                                                                         react-hooks/exhaustive-deps
  Line 746:9:    The 'handleMoveConversation' function makes the dependencies of useCallback Hook (at line 982) change on every render. To fix this, wrap the definition of 'handleMoveConversation' in its own useCallback() Hook  react-hooks/exhaustive-deps
  Line 750:11:   'originalConversationId' is assigned a value but never used. Allowed unused vars must match /^_/u                                                                                                                  @typescript-eslint/no-unused-vars
  Line 814:9:    The 'handleMoveFolder' function makes the dependencies of useCallback Hook (at line 982) change on every render. To fix this, wrap the definition of 'handleMoveFolder' in its own useCallback() Hook              react-hooks/exhaustive-deps
  Line 986:11:   'handleMouseLeave' is assigned a value but never used. Allowed unused vars must match /^_/u                                                                                                                        @typescript-eslint/no-unused-vars
  Line 1064:15:  'itemBottom' is assigned a value but never used. Allowed unused vars must match /^_/u                                                                                                                              @typescript-eslint/no-unused-vars
  Line 1498:16:  'error' is defined but never used. Allowed unused args must match /^_/u                                                                                                                                            @typescript-eslint/no-unused-vars
  Line 1906:6:   React Hook useMemo has a missing dependency: 'currentConversationId'. Either include it or remove the dependency array                                                                                             react-hooks/exhaustive-deps

src/components/MUIFileExplorer.tsx
  Line 104:9:   The 'nodeHasChildren' function makes the dependencies of useCallback Hook (at line 983) change on every render. To fix this, wrap the definition of 'nodeHasChildren' in its own useCallback() Hook                                                           react-hooks/exhaustive-deps
  Line 116:6:   React Hook useMemo has missing dependencies: 'folders' and 'isScanning'. Either include them or remove the dependency array                                                                                                                                   react-hooks/exhaustive-deps
  Line 119:9:   'getNodeFromCache' is assigned a value but never used. Allowed unused vars must match /^_/u                                                                                                                                                                   @typescript-eslint/no-unused-vars
  Line 139:54:  'isChecked' was used before it was defined                                                                                                                                                                                                                    @typescript-eslint/no-use-before-define
  Line 161:8:   React Hook useMemo has an unnecessary dependency: 'folders'. Either exclude it or remove the dependency array. Outer scope values like 'folders' aren't valid dependencies because mutating them doesn't re-render the component                              react-hooks/exhaustive-deps
  Line 180:8:   React Hook useCallback has an unnecessary dependency: 'checkedKeys'. Either exclude it or remove the dependency array. Outer scope values like 'checkedKeys' aren't valid dependencies because mutating them doesn't re-render the component                  react-hooks/exhaustive-deps
  Line 216:8:   React Hook useMemo has a missing dependency: 'nodeForCheckCalculations'. Either include it or remove the dependency array. Outer scope values like 'checkedKeys' aren't valid dependencies because mutating them doesn't re-render the component              react-hooks/exhaustive-deps
  Line 228:8:   React Hook useMemo has a missing dependency: 'nodeForCheckCalculations'. Either include it or remove the dependency array                                                                                                                                     react-hooks/exhaustive-deps
  Line 248:8:   React Hook useCallback has an unnecessary dependency: 'handleCheckboxClick'. Either exclude it or remove the dependency array. Outer scope values like 'handleCheckboxClick' aren't valid dependencies because mutating them doesn't re-render the component  react-hooks/exhaustive-deps
  Line 332:17:  'included' is assigned a value but never used. Allowed unused vars must match /^_/u                                                                                                                                                                           @typescript-eslint/no-unused-vars
  Line 482:6:   React Hook useEffect has missing dependencies: 'setTreeData' and 'sortTreeData'. Either include them or remove the dependency array                                                                                                                           react-hooks/exhaustive-deps
  Line 498:6:   React Hook useEffect has a missing dependency: 'foldersLoadedFromDB'. Either include it or remove the dependency array                                                                                                                                        react-hooks/exhaustive-deps
  Line 582:6:   React Hook useEffect has missing dependencies: 'expandedKeys', 'searchValue', and 'setExpandedKeys'. Either include them or remove the dependency array                                                                                                       react-hooks/exhaustive-deps
  Line 585:27:  React Hook useCallback received a function whose dependencies are unknown. Pass an inline function instead                                                                                                                                                    react-hooks/exhaustive-deps
  Line 815:11:  'areAnyChildrenSelected' is assigned a value but never used. Allowed unused vars must match /^_/u                                                                                                                                                             @typescript-eslint/no-unused-vars
  Line 953:6:   React Hook useCallback has a missing dependency: 'calculateChildrenTotal'. Either include it or remove the dependency array                                                                                                                                   react-hooks/exhaustive-deps
  Line 986:9:   'getTokenCount' is assigned a value but never used. Allowed unused vars must match /^_/u                                                                                                                                                                      @typescript-eslint/no-unused-vars
  Line 988:6:   React Hook useCallback has a missing dependency: 'folders'. Either include it or remove the dependency array                                                                                                                                                  react-hooks/exhaustive-deps
  Line 991:9:   'calculateTokens' is assigned a value but never used. Allowed unused vars must match /^_/u                                                                                                                                                                    @typescript-eslint/no-unused-vars
  Line 991:46:  'overrideTokens' is defined but never used. Allowed unused args must match /^_/u                                                                                                                                                                              @typescript-eslint/no-unused-vars
  Line 1011:6:  React Hook useCallback has a missing dependency: 'folders'. Either include it or remove the dependency array                                                                                                                                                  react-hooks/exhaustive-deps

src/components/MarkdownRenderer.tsx
  Line 45:13:     The href attribute is required for an anchor to be keyboard accessible. Provide a valid, navigable address as the href value. If you cannot provide an href, but still need the element to resemble a link, use a button and change it with appropriate styles. Learn more: https://github.com/jsx-eslint/eslint-plugin-jsx-a11y/blob/HEAD/docs/rules/anchor-is-valid.md  jsx-a11y/anchor-is-valid
  Line 245:8:     React Hook useEffect has a missing dependency: 'isDarkMode'. Either include it or remove the dependency array                                                                                                                                                                                                                                                             react-hooks/exhaustive-deps
  Line 643:37:    'error' is defined but never used. Allowed unused args must match /^_/u                                                                                                                                                                                                                                                                                                   @typescript-eslint/no-unused-vars
  Line 929:69:    Unnecessary escape character: \/                                                                                                                                                                                                                                                                                                                                          no-useless-escape
  Line 929:80:    Unnecessary escape character: \/                                                                                                                                                                                                                                                                                                                                          no-useless-escape
  Line 1016:66:   Unnecessary escape character: \/                                                                                                                                                                                                                                                                                                                                          no-useless-escape
  Line 1016:77:   Unnecessary escape character: \/                                                                                                                                                                                                                                                                                                                                          no-useless-escape
  Line 1142:68:   Unnecessary escape character: \/                                                                                                                                                                                                                                                                                                                                          no-useless-escape
  Line 1142:79:   Unnecessary escape character: \/                                                                                                                                                                                                                                                                                                                                          no-useless-escape
  Line 1308:62:   'initialDisplayMode' is defined but never used. Allowed unused args must match /^_/u                                                                                                                                                                                                                                                                                      @typescript-eslint/no-unused-vars
  Line 1308:110:  'fileIndex' is defined but never used. Allowed unused args must match /^_/u                                                                                                                                                                                                                                                                                               @typescript-eslint/no-unused-vars
  Line 1309:12:   'isLoading' is assigned a value but never used. Allowed unused vars must match /^_/u                                                                                                                                                                                                                                                                                      @typescript-eslint/no-unused-vars
  Line 1316:12:   'statusUpdateCounter' is assigned a value but never used. Allowed unused vars must match /^_/u                                                                                                                                                                                                                                                                            @typescript-eslint/no-unused-vars
  Line 1317:12:   'errorMessage' is assigned a value but never used. Allowed unused vars must match /^_/u                                                                                                                                                                                                                                                                                   @typescript-eslint/no-unused-vars
  Line 1318:25:   'setDisplayMode' is assigned a value but never used. Allowed unused vars must match /^_/u                                                                                                                                                                                                                                                                                 @typescript-eslint/no-unused-vars
  Line 1348:37:   'event' is defined but never used. Allowed unused args must match /^_/u                                                                                                                                                                                                                                                                                                   @typescript-eslint/no-unused-vars
  Line 1369:34:   'fileIndex' is defined but never used. Allowed unused args must match /^_/u                                                                                                                                                                                                                                                                                               @typescript-eslint/no-unused-vars
  Line 1420:15:   'handleWindowStatusUpdate' is assigned a value but never used. Allowed unused vars must match /^_/u                                                                                                                                                                                                                                                                       @typescript-eslint/no-unused-vars
  Line 1428:40:   Unexpected mix of '&&' and '||'. Use parentheses to clarify the intended order of operations                                                                                                                                                                                                                                                                              no-mixed-operators
  Line 1428:97:   Unexpected mix of '&&' and '||'. Use parentheses to clarify the intended order of operations                                                                                                                                                                                                                                                                              no-mixed-operators
  Line 2209:60:   Unexpected mix of '||' and '&&'. Use parentheses to clarify the intended order of operations                                                                                                                                                                                                                                                                              no-mixed-operators
  Line 2210:41:   Unexpected mix of '||' and '&&'. Use parentheses to clarify the intended order of operations                                                                                                                                                                                                                                                                              no-mixed-operators
  Line 2874:8:    React Hook useEffect has a missing dependency: 'buttonInstanceId'. Either include it or remove the dependency array                                                                                                                                                                                                                                                       react-hooks/exhaustive-deps
  Line 2878:42:   The ref value 'processedRequestIds.current' will likely have changed by the time this effect cleanup function runs. If this ref points to a node rendered by React, copy 'processedRequestIds.current' to a variable inside the effect, and use that variable in the cleanup function                                                                                     react-hooks/exhaustive-deps
  Line 2966:58:   'isDarkMode' is defined but never used. Allowed unused args must match /^_/u                                                                                                                                                                                                                                                                                              @typescript-eslint/no-unused-vars
  Line 2968:9:    'currentMessages' is assigned a value but never used. Allowed unused vars must match /^_/u                                                                                                                                                                                                                                                                                @typescript-eslint/no-unused-vars
  Line 2968:26:   'addMessageToConversation' is assigned a value but never used. Allowed unused vars must match /^_/u                                                                                                                                                                                                                                                                       @typescript-eslint/no-unused-vars
  Line 2968:52:   'setStreamedContentMap' is assigned a value but never used. Allowed unused vars must match /^_/u                                                                                                                                                                                                                                                                          @typescript-eslint/no-unused-vars
  Line 2969:9:    'removeStreamingConversation' is assigned a value but never used. Allowed unused vars must match /^_/u                                                                                                                                                                                                                                                                    @typescript-eslint/no-unused-vars
  Line 2969:38:   'setIsStreaming' is assigned a value but never used. Allowed unused vars must match /^_/u                                                                                                                                                                                                                                                                                 @typescript-eslint/no-unused-vars
  Line 3007:8:    React Hook useEffect has a missing dependency: 'checkedKeys'. Either include it or remove the dependency array                                                                                                                                                                                                                                                            react-hooks/exhaustive-deps
  Line 3074:8:    React Hook useEffect has missing dependencies: 'addFilesToContext', 'checkedKeys', 'debouncedCheck', and 'token.text'. Either include them or remove the dependency array                                                                                                                                                                                                 react-hooks/exhaustive-deps
  Line 3077:11:   'restartStreamWithFiles' is assigned a value but never used. Allowed unused vars must match /^_/u                                                                                                                                                                                                                                                                         @typescript-eslint/no-unused-vars
  Line 3139:8:    React Hook useEffect has a missing dependency: 'cleanedText'. Either include it or remove the dependency array                                                                                                                                                                                                                                                            react-hooks/exhaustive-deps
  Line 3212:40:   'enableCodeApply' is defined but never used. Allowed unused args must match /^_/u                                                                                                                                                                                                                                                                                         @typescript-eslint/no-unused-vars
  Line 3247:65:   Unnecessary escape character: \/                                                                                                                                                                                                                                                                                                                                          no-useless-escape
  Line 3247:76:   Unnecessary escape character: \/                                                                                                                                                                                                                                                                                                                                          no-useless-escape
  Line 3339:8:    React Hook useEffect has a missing dependency: 'showLineNumbers'. Either include it or remove the dependency array                                                                                                                                                                                                                                                        react-hooks/exhaustive-deps
  Line 3494:55:   'index' is defined but never used. Allowed unused args must match /^_/u                                                                                                                                                                                                                                                                                                   @typescript-eslint/no-unused-vars
  Line 3499:11:   'stableToken' is assigned a value but never used. Allowed unused vars must match /^_/u                                                                                                                                                                                                                                                                                    @typescript-eslint/no-unused-vars
  Line 3499:46:   React Hook useMemo has a missing dependency: 'token'. Either include it or remove the dependency array                                                                                                                                                                                                                                                                    react-hooks/exhaustive-deps
  Line 3502:12:   'loadError' is assigned a value but never used. Allowed unused vars must match /^_/u                                                                                                                                                                                                                                                                                      @typescript-eslint/no-unused-vars
  Line 3588:8:    React Hook useEffect has a missing dependency: 'token'. Either include it or remove the dependency array                                                                                                                                                                                                                                                                  react-hooks/exhaustive-deps
  Line 3616:27:   'effectiveLang' is assigned a value but never used. Allowed unused vars must match /^_/u                                                                                                                                                                                                                                                                                  @typescript-eslint/no-unused-vars
  Line 3629:8:    React Hook useEffect has missing dependencies: 'token.lang', 'token.text', and 'token.type'. Either include them or remove the dependency array                                                                                                                                                                                                                           react-hooks/exhaustive-deps
  Line 3863:37:   Unnecessary escape character: \`                                                                                                                                                                                                                                                                                                                                          no-useless-escape
  Line 3863:39:   Unnecessary escape character: \`                                                                                                                                                                                                                                                                                                                                          no-useless-escape
  Line 3863:41:   Unnecessary escape character: \`                                                                                                                                                                                                                                                                                                                                          no-useless-escape
  Line 3864:35:   Unnecessary escape character: \c                                                                                                                                                                                                                                                                                                                                          no-useless-escape
  Line 4304:80:   Unnecessary escape character: \/                                                                                                                                                                                                                                                                                                                                          no-useless-escape
  Line 4304:91:   Unnecessary escape character: \/                                                                                                                                                                                                                                                                                                                                          no-useless-escape
  Line 4996:33:   Unnecessary escape character: \`                                                                                                                                                                                                                                                                                                                                          no-useless-escape
  Line 4996:43:   Unnecessary escape character: \`                                                                                                                                                                                                                                                                                                                                          no-useless-escape
  Line 4996:45:   Unnecessary escape character: \`                                                                                                                                                                                                                                                                                                                                          no-useless-escape
  Line 4996:47:   Unnecessary escape character: \`                                                                                                                                                                                                                                                                                                                                          no-useless-escape
  Line 5002:31:   Unnecessary escape character: \`                                                                                                                                                                                                                                                                                                                                          no-useless-escape
  Line 5002:41:   Unnecessary escape character: \`                                                                                                                                                                                                                                                                                                                                          no-useless-escape
  Line 5002:43:   Unnecessary escape character: \`                                                                                                                                                                                                                                                                                                                                          no-useless-escape
  Line 5002:45:   Unnecessary escape character: \`                                                                                                                                                                                                                                                                                                                                          no-useless-escape
  Line 5007:70:   Unnecessary escape character: \`                                                                                                                                                                                                                                                                                                                                          no-useless-escape
  Line 5007:72:   Unnecessary escape character: \`                                                                                                                                                                                                                                                                                                                                          no-useless-escape
  Line 5007:74:   Unnecessary escape character: \`                                                                                                                                                                                                                                                                                                                                          no-useless-escape
  Line 5181:8:    React Hook useMemo has an unnecessary dependency: 'externalStreaming'. Either exclude it or remove the dependency array                                                                                                                                                                                                                                                   react-hooks/exhaustive-deps
  Line 5185:51:   The ref value 'parseTimeoutRef.current' will likely have changed by the time this effect cleanup function runs. If this ref points to a node rendered by React, copy 'parseTimeoutRef.current' to a variable inside the effect, and use that variable in the cleanup function                                                                                             react-hooks/exhaustive-deps
  Line 5200:8:    React Hook useMemo has missing dependencies: 'isStreaming' and 'onOpenShellConfig'. Either include them or remove the dependency array                                                                                                                                                                                                                                    react-hooks/exhaustive-deps
  Line 5215:15:   'throttleWait' is assigned a value but never used. Allowed unused vars must match /^_/u                                                                                                                                                                                                                                                                                   @typescript-eslint/no-unused-vars
  Line 5319:9:    Unreachable code                                                                                                                                                                                                                                                                                                                                                          no-unreachable
  Line 5342:9:    Unreachable code                                                                                                                                                                                                                                                                                                                                                          no-unreachable
  Line 5359:13:   Unreachable code                                                                                                                                                                                                                                                                                                                                                          no-unreachable
  Line 5363:9:    Unreachable code                                                                                                                                                                                                                                                                                                                                                          no-unreachable
  Line 5365:33:   The ref value 'attachedHandlersRef.current' will likely have changed by the time this effect cleanup function runs. If this ref points to a node rendered by React, copy 'attachedHandlersRef.current' to a variable inside the effect, and use that variable in the cleanup function                                                                                     react-hooks/exhaustive-deps
  Line 5367:8:    React Hook useLayoutEffect has missing dependencies: 'setThrottlingRecoveryData' and 'throttlingRecoveryData'. Either include them or remove the dependency array. Mutable values like 'containerRef.current' aren't valid dependencies because mutating them doesn't re-render the component                                                                             react-hooks/exhaustive-deps
  Line 5400:23:   'leadingSpace' is assigned a value but never used. Allowed unused vars must match /^_/u                                                                                                                                                                                                                                                                                   @typescript-eslint/no-unused-vars
  Line 5400:49:   'lineNum' is assigned a value but never used. Allowed unused vars must match /^_/u                                                                                                                                                                                                                                                                                        @typescript-eslint/no-unused-vars
  Line 5424:23:   'lineNum' is assigned a value but never used. Allowed unused vars must match /^_/u                                                                                                                                                                                                                                                                                        @typescript-eslint/no-unused-vars

src/components/ModelChangeNotification.tsx
  Line 11:106:  'changeKey' is defined but never used. Allowed unused args must match /^_/u  @typescript-eslint/no-unused-vars

src/components/ModelConfigButton.tsx
  Line 145:6:  React Hook useEffect has a missing dependency: 'fetchModelCapabilities'. Either include it or remove the dependency array               react-hooks/exhaustive-deps
  Line 169:6:  React Hook useEffect has missing dependencies: 'fetchModelCapabilities' and 'form'. Either include them or remove the dependency array  react-hooks/exhaustive-deps

src/components/ModelConfigModal.tsx
  Line 74:10:   'formValues' is assigned a value but never used. Allowed unused vars must match /^_/u                               @typescript-eslint/no-unused-vars
  Line 94:6:    React Hook useEffect has a missing dependency: 'currentSettings'. Either include it or remove the dependency array  react-hooks/exhaustive-deps
  Line 115:6:   React Hook useEffect has a missing dependency: 'form'. Either include it or remove the dependency array             react-hooks/exhaustive-deps
  Line 163:10:  'currentValues' is assigned a value but never used. Allowed unused vars must match /^_/u                            @typescript-eslint/no-unused-vars
  Line 246:13:  'currentFormValues' is assigned a value but never used. Allowed unused vars must match /^_/u                        @typescript-eslint/no-unused-vars

src/components/SafariWarning.tsx
  Line 3:27:  'CloseOutlined' is defined but never used. Allowed unused vars must match /^_/u  @typescript-eslint/no-unused-vars
  Line 6:16:  'Text' is assigned a value but never used. Allowed unused vars must match /^_/u  @typescript-eslint/no-unused-vars

src/components/SendChatContainer.tsx
  Line 8:34:   'Upload' is defined but never used. Allowed unused vars must match /^_/u                                                                                                                                                              @typescript-eslint/no-unused-vars
  Line 9:24:   'StopOutlined' is defined but never used. Allowed unused vars must match /^_/u                                                                                                                                                        @typescript-eslint/no-unused-vars
  Line 30:76:  'fixed' is assigned a value but never used. Allowed unused vars must match /^_/u                                                                                                                                                      @typescript-eslint/no-unused-vars
  Line 46:9:   'getProcessingState' is assigned a value but never used. Allowed unused vars must match /^_/u                                                                                                                                         @typescript-eslint/no-unused-vars
  Line 54:12:  'currentToolName' is assigned a value but never used. Allowed unused vars must match /^_/u                                                                                                                                            @typescript-eslint/no-unused-vars
  Line 55:12:  'pendingFeedbackIds' is assigned a value but never used. Allowed unused vars must match /^_/u                                                                                                                                         @typescript-eslint/no-unused-vars
  Line 210:8:  React Hook useCallback has a missing dependency: 'setQuestion'. Either include it or remove the dependency array                                                                                                                      react-hooks/exhaustive-deps
  Line 258:9:  React Hook useMemo has unnecessary dependencies: 'currentConversationId', 'localInput', and 'streamingConversations'. Either exclude them or remove the dependency array                                                              react-hooks/exhaustive-deps
  Line 418:8:  React Hook useCallback has an unnecessary dependency: 'message'. Either exclude it or remove the dependency array. Outer scope values like 'message' aren't valid dependencies because mutating them doesn't re-render the component  react-hooks/exhaustive-deps
  Line 461:8:  React Hook useCallback has an unnecessary dependency: 'message'. Either exclude it or remove the dependency array. Outer scope values like 'message' aren't valid dependencies because mutating them doesn't re-render the component  react-hooks/exhaustive-deps

src/components/ShellConfigModal.tsx
  Line 2:40:  'List' is defined but never used. Allowed unused vars must match /^_/u            @typescript-eslint/no-unused-vars
  Line 3:24:  'DeleteOutlined' is defined but never used. Allowed unused vars must match /^_/u  @typescript-eslint/no-unused-vars

src/components/StreamedContent.tsx
  Line 1:59:    'useMemo' is defined but never used. Allowed unused vars must match /^_/u                                                                                                                                                                                                                               @typescript-eslint/no-unused-vars
  Line 1:68:    'useTransition' is defined but never used. Allowed unused vars must match /^_/u                                                                                                                                                                                                                         @typescript-eslint/no-unused-vars
  Line 1:83:    'useId' is defined but never used. Allowed unused vars must match /^_/u                                                                                                                                                                                                                                 @typescript-eslint/no-unused-vars
  Line 4:24:    'Typography' is defined but never used. Allowed unused vars must match /^_/u                                                                                                                                                                                                                            @typescript-eslint/no-unused-vars
  Line 8:10:    'useQuestionContext' is defined but never used. Allowed unused vars must match /^_/u                                                                                                                                                                                                                    @typescript-eslint/no-unused-vars
  Line 9:10:    'isDebugLoggingEnabled' is defined but never used. Allowed unused vars must match /^_/u                                                                                                                                                                                                                 @typescript-eslint/no-unused-vars
  Line 9:33:    'debugLog' is defined but never used. Allowed unused vars must match /^_/u                                                                                                                                                                                                                              @typescript-eslint/no-unused-vars
  Line 20:11:   'contentRef' is assigned a value but never used. Allowed unused vars must match /^_/u                                                                                                                                                                                                                   @typescript-eslint/no-unused-vars
  Line 21:11:   'isAutoScrollingRef' is assigned a value but never used. Allowed unused vars must match /^_/u                                                                                                                                                                                                           @typescript-eslint/no-unused-vars
  Line 22:12:   'showThinkingIndicator' is assigned a value but never used. Allowed unused vars must match /^_/u                                                                                                                                                                                                        @typescript-eslint/no-unused-vars
  Line 26:11:   'lastScrollPositionRef' is assigned a value but never used. Allowed unused vars must match /^_/u                                                                                                                                                                                                        @typescript-eslint/no-unused-vars
  Line 35:9:    'currentMessages' is assigned a value but never used. Allowed unused vars must match /^_/u                                                                                                                                                                                                              @typescript-eslint/no-unused-vars
  Line 38:9:    'setUserHasScrolled' is assigned a value but never used. Allowed unused vars must match /^_/u                                                                                                                                                                                                           @typescript-eslint/no-unused-vars
  Line 106:11:  'detectProcessingState' is assigned a value but never used. Allowed unused vars must match /^_/u                                                                                                                                                                                                        @typescript-eslint/no-unused-vars
  Line 129:9:   Unreachable code                                                                                                                                                                                                                                                                                        no-unreachable
  Line 415:59:  'index' is defined but never used. Allowed unused args must match /^_/u                                                                                                                                                                                                                                 @typescript-eslint/no-unused-vars
  Line 524:12:  React Hook useEffect has missing dependencies: 'checkedKeys', 'conversations', 'isRetrying', 'removeStreamingConversation', 'setIsStreaming', 'setReasoningContentMap', 'setStreamedContentMap', 'streamedContentMap', and 'updateProcessingState'. Either include them or remove the dependency array  react-hooks/exhaustive-deps
  Line 551:12:  React Hook useEffect has missing dependencies: 'removeStreamingConversation' and 'setIsStreaming'. Either include them or remove the dependency array                                                                                                                                                   react-hooks/exhaustive-deps

src/components/ThrottlingErrorDisplay.tsx
  Line 38:11:  'isDarkMode' is assigned a value but never used. Allowed unused vars must match /^_/u                                    @typescript-eslint/no-unused-vars
  Line 98:6:   React Hook useCallback has a missing dependency: 'streamedContentMap'. Either include it or remove the dependency array  react-hooks/exhaustive-deps

src/components/TokenCountDisplay.tsx
  Line 5:10:    'debounce' is defined but never used. Allowed unused vars must match /^_/u                                                                                                                                                                                               @typescript-eslint/no-unused-vars
  Line 87:11:   'lastTokenCalcRunRef' is assigned a value but never used. Allowed unused vars must match /^_/u                                                                                                                                                                           @typescript-eslint/no-unused-vars
  Line 220:8:   React Hook useEffect has a missing dependency: 'builtinServerNames'. Either include it or remove the dependency array                                                                                                                                                    react-hooks/exhaustive-deps
  Line 298:55:  The ref value 'containerRef.current' will likely have changed by the time this effect cleanup function runs. If this ref points to a node rendered by React, copy 'containerRef.current' to a variable inside the effect, and use that variable in the cleanup function  react-hooks/exhaustive-deps
  Line 449:8:   React Hook useCallback has a missing dependency: 'performTokenCalculation'. Either include it or remove the dependency array                                                                                                                                             react-hooks/exhaustive-deps
  Line 457:19:  'currentFolder' is assigned a value but never used. Allowed unused vars must match /^_/u                                                                                                                                                                                 @typescript-eslint/no-unused-vars
  Line 462:13:  'checkedSet' is assigned a value but never used. Allowed unused vars must match /^_/u                                                                                                                                                                                    @typescript-eslint/no-unused-vars
  Line 508:8:   React Hook useCallback has an unnecessary dependency: 'folderFileSelections'. Either exclude it or remove the dependency array                                                                                                                                           react-hooks/exhaustive-deps
  Line 662:58:  'm' is defined but never used. Allowed unused args must match /^_/u                                                                                                                                                                                                      @typescript-eslint/no-unused-vars
  Line 677:11:  'showDetailedTotal' is assigned a value but never used. Allowed unused vars must match /^_/u                                                                                                                                                                             @typescript-eslint/no-unused-vars
  Line 857:8:   React Hook useMemo has a missing dependency: 'getTokenStyle'. Either include it or remove the dependency array                                                                                                                                                           react-hooks/exhaustive-deps

src/context/ChatContext.tsx
  Line 1:132:    'useLayoutEffect' is defined but never used. Allowed unused vars must match /^_/u                                                                                                                                                                                                          @typescript-eslint/no-unused-vars
  Line 78:11:    'renderStart' is assigned a value but never used. Allowed unused vars must match /^_/u                                                                                                                                                                                                     @typescript-eslint/no-unused-vars
  Line 81:11:    'renderCount' is assigned a value but never used. Allowed unused vars must match /^_/u                                                                                                                                                                                                     @typescript-eslint/no-unused-vars
  Line 375:8:    React Hook useCallback has a missing dependency: 'streamingConversations'. Either include it or remove the dependency array                                                                                                                                                                react-hooks/exhaustive-deps
  Line 457:19:   'isRetry' is assigned a value but never used. Allowed unused vars must match /^_/u                                                                                                                                                                                                         @typescript-eslint/no-unused-vars
  Line 532:35:   'trustedConversations' is assigned a value but never used. Allowed unused vars must match /^_/u                                                                                                                                                                                            @typescript-eslint/no-unused-vars
  Line 560:8:    React Hook useCallback has a missing dependency: 'mergeConversationsForHealing'. Either include it or remove the dependency array                                                                                                                                                          react-hooks/exhaustive-deps
  Line 706:51:   'previousModelId' is assigned a value but never used. Allowed unused vars must match /^_/u                                                                                                                                                                                                 @typescript-eslint/no-unused-vars
  Line 895:8:    React Hook useCallback has missing dependencies: 'attemptDatabaseRecovery' and 'initializeWithRecovery'. Either include them or remove the dependency array                                                                                                                                react-hooks/exhaustive-deps
  Line 963:31:   'backupIds' is assigned a value but never used. Allowed unused vars must match /^_/u                                                                                                                                                                                                       @typescript-eslint/no-unused-vars
  Line 1015:8:   React Hook useCallback has a missing dependency: 'currentConversationId'. Either include it or remove the dependency array                                                                                                                                                                 react-hooks/exhaustive-deps
  Line 1108:33:  'content' is assigned a value but never used. Allowed unused vars must match /^_/u                                                                                                                                                                                                         @typescript-eslint/no-unused-vars
  Line 1116:8:   React Hook useCallback has an unnecessary dependency: 'streamedContentMap'. Either exclude it or remove the dependency array                                                                                                                                                               react-hooks/exhaustive-deps
  Line 1161:8:   React Hook useCallback has a missing dependency: 'isDarkMode'. Either include it or remove the dependency array                                                                                                                                                                            react-hooks/exhaustive-deps
  Line 1283:8:   React Hook useCallback has a missing dependency: 'conversations'. Either include it or remove the dependency array                                                                                                                                                                         react-hooks/exhaustive-deps
  Line 1320:8:   React Hook useEffect has a missing dependency: 'currentMessages'. Either include it or remove the dependency array                                                                                                                                                                         react-hooks/exhaustive-deps
  Line 1555:13:  'isDatabaseHealthy' is assigned a value but never used. Allowed unused vars must match /^_/u                                                                                                                                                                                               @typescript-eslint/no-unused-vars
  Line 1578:8:   React Hook useCallback has missing dependencies: 'conversations.length' and 'isEphemeralMode'. Either include them or remove the dependency array                                                                                                                                          react-hooks/exhaustive-deps
  Line 1907:8:   React Hook useEffect has missing dependencies: 'isEphemeralMode' and 'isInitialized'. Either include them or remove the dependency array                                                                                                                                                   react-hooks/exhaustive-deps
  Line 1972:8:   React Hook useEffect has a missing dependency: 'isInitialized'. Either include it or remove the dependency array                                                                                                                                                                           react-hooks/exhaustive-deps
  Line 2003:35:  The ref value 'processedModelChanges.current' will likely have changed by the time this effect cleanup function runs. If this ref points to a node rendered by React, copy 'processedModelChanges.current' to a variable inside the effect, and use that variable in the cleanup function  react-hooks/exhaustive-deps
  Line 2074:8:   React Hook useEffect has a missing dependency: 'isInitialized'. Either include it or remove the dependency array                                                                                                                                                                           react-hooks/exhaustive-deps
  Line 2191:9:   React Hook useMemo has missing dependencies: 'loadConversationAndScrollToMessage' and 'reasoningContentMap'. Either include them or remove the dependency array                                                                                                                            react-hooks/exhaustive-deps

src/context/FolderContext.tsx
  Line 1:89:    'useLayoutEffect' is defined but never used. Allowed unused vars must match /^_/u                                                                                                                                                                                                              @typescript-eslint/no-unused-vars
  Line 5:10:    'useChatContext' is defined but never used. Allowed unused vars must match /^_/u                                                                                                                                                                                                               @typescript-eslint/no-unused-vars
  Line 35:9:    'renderStart' is assigned a value but never used. Allowed unused vars must match /^_/u                                                                                                                                                                                                         @typescript-eslint/no-unused-vars
  Line 36:9:    'renderCount' is assigned a value but never used. Allowed unused vars must match /^_/u                                                                                                                                                                                                         @typescript-eslint/no-unused-vars
  Line 107:6:   React Hook useEffect has a missing dependency: 'checkedKeys.length'. Either include it or remove the dependency array                                                                                                                                                                          react-hooks/exhaustive-deps
  Line 204:13:  React Hook useMemo has a missing dependency: 'accurateTokenCounts'. Either include it or remove the dependency array                                                                                                                                                                           react-hooks/exhaustive-deps
  Line 207:38:  React Hook useCallback received a function whose dependencies are unknown. Pass an inline function instead                                                                                                                                                                                     react-hooks/exhaustive-deps
  Line 259:9:   'updateAccurateTokens' is assigned a value but never used. Allowed unused vars must match /^_/u                                                                                                                                                                                                @typescript-eslint/no-unused-vars
  Line 262:6:   React Hook useCallback has a missing dependency: 'debouncedGetAccurateCounts'. Either include it or remove the dependency array                                                                                                                                                                react-hooks/exhaustive-deps
  Line 264:41:  React Hook useCallback received a function whose dependencies are unknown. Pass an inline function instead                                                                                                                                                                                     react-hooks/exhaustive-deps
  Line 318:81:  The ref value 'accurateCountTimeoutRef.current' will likely have changed by the time this effect cleanup function runs. If this ref points to a node rendered by React, copy 'accurateCountTimeoutRef.current' to a variable inside the effect, and use that variable in the cleanup function  react-hooks/exhaustive-deps
  Line 521:6:   React Hook useEffect has a missing dependency: 'fetchFolders'. Either include it or remove the dependency array                                                                                                                                                                                react-hooks/exhaustive-deps
  Line 606:7:   React Hook useMemo has a missing dependency: 'getFolderTokenCount'. Either include it or remove the dependency array                                                                                                                                                                           react-hooks/exhaustive-deps

src/plugins/d3/d2Plugin.ts
  Line 2:10:    'isDiagramDefinitionComplete' is defined but never used. Allowed unused vars must match /^_/u  @typescript-eslint/no-unused-vars
  Line 187:19:  'value' is assigned a value but never used. Allowed unused vars must match /^_/u               @typescript-eslint/no-unused-vars
  Line 191:23:  'property' is assigned a value but never used. Allowed unused vars must match /^_/u            @typescript-eslint/no-unused-vars

src/plugins/d3/drawioEnhancer.ts
  Line 127:35:  'newGeometry' is assigned a value but never used. Allowed unused vars must match /^_/u  @typescript-eslint/no-unused-vars

src/plugins/d3/drawioPlugin.ts
  Line 164:74:    Unnecessary escape character: \/                                                                no-useless-escape
  Line 167:79:    Unnecessary escape character: \/                                                                no-useless-escape
  Line 171:79:    Unnecessary escape character: \/                                                                no-useless-escape
  Line 176:60:    Unnecessary escape character: \/                                                                no-useless-escape
  Line 212:11:    'lastMxfileClose' is assigned a value but never used. Allowed unused vars must match /^_/u      @typescript-eslint/no-unused-vars
  Line 214:11:    'lastGraphModelClose' is assigned a value but never used. Allowed unused vars must match /^_/u  @typescript-eslint/no-unused-vars
  Line 708:35:    'xmlDoc' was used before it was defined                                                         @typescript-eslint/no-use-before-define
  Line 748:99:    'constraint' is defined but never used. Allowed unused args must match /^_/u                    @typescript-eslint/no-unused-vars
  Line 834:19:    'codec' is assigned a value but never used. Allowed unused vars must match /^_/u                @typescript-eslint/no-unused-vars
  Line 870:31:    'parent' is assigned a value but never used. Allowed unused vars must match /^_/u               @typescript-eslint/no-unused-vars
  Line 871:31:    'source' is assigned a value but never used. Allowed unused vars must match /^_/u               @typescript-eslint/no-unused-vars
  Line 872:31:    'target' is assigned a value but never used. Allowed unused vars must match /^_/u               @typescript-eslint/no-unused-vars
  Line 1311:46:   'parentId' is defined but never used. Allowed unused args must match /^_/u                      @typescript-eslint/no-unused-vars
  Line 1312:46:   'rowY' is defined but never used. Allowed unused args must match /^_/u                          @typescript-eslint/no-unused-vars
  Line 1506:45:   'shapeMargin' is assigned a value but never used. Allowed unused vars must match /^_/u          @typescript-eslint/no-unused-vars
  Line 2315:31:   'routingSignature' is assigned a value but never used. Allowed unused vars must match /^_/u     @typescript-eslint/no-unused-vars
  Line 2318:70:   'edgeId' is defined but never used. Allowed unused args must match /^_/u                        @typescript-eslint/no-unused-vars
  Line 2714:10:   'addErrorControls' is defined but never used. Allowed unused vars must match /^_/u              @typescript-eslint/no-unused-vars
  Line 2714:63:   'xml' is defined but never used. Allowed unused args must match /^_/u                           @typescript-eslint/no-unused-vars
  Line 2714:76:   'spec' is defined but never used. Allowed unused args must match /^_/u                          @typescript-eslint/no-unused-vars
  Line 2714:94:   'attemptRender' is defined but never used. Allowed unused args must match /^_/u                 @typescript-eslint/no-unused-vars
  Line 2714:130:  'isDarkMode' is defined but never used. Allowed unused args must match /^_/u                    @typescript-eslint/no-unused-vars

src/plugins/d3/graphvizPlugin.ts
  Line 2:10:    'isDiagramDefinitionComplete' is defined but never used. Allowed unused vars must match /^_/u  @typescript-eslint/no-unused-vars
  Line 5:10:    'zoomIn' is defined but never used. Allowed unused vars must match /^_/u                       @typescript-eslint/no-unused-vars
  Line 5:18:    'zoomOut' is defined but never used. Allowed unused vars must match /^_/u                      @typescript-eslint/no-unused-vars
  Line 5:27:    'resetZoom' is defined but never used. Allowed unused vars must match /^_/u                    @typescript-eslint/no-unused-vars
  Line 5:38:    'storeOriginalViewBox' is defined but never used. Allowed unused vars must match /^_/u         @typescript-eslint/no-unused-vars
  Line 6:10:    'downloadSvg' is defined but never used. Allowed unused vars must match /^_/u                  @typescript-eslint/no-unused-vars
  Line 660:61:  Unnecessary escape character: \"                                                               no-useless-escape
  Line 660:74:  Unnecessary escape character: \"                                                               no-useless-escape

src/plugins/d3/jointPlugin.ts
  Line 1:20:    'shapes' is defined but never used. Allowed unused vars must match /^_/u                               @typescript-eslint/no-unused-vars
  Line 4:10:    'isDiagramDefinitionComplete' is defined but never used. Allowed unused vars must match /^_/u          @typescript-eslint/no-unused-vars
  Line 457:7:   'createDiamondElement' is assigned a value but never used. Allowed unused vars must match /^_/u        @typescript-eslint/no-unused-vars
  Line 691:7:   'createStartEndElement' is assigned a value but never used. Allowed unused vars must match /^_/u       @typescript-eslint/no-unused-vars
  Line 729:7:   'createProcessElement' is assigned a value but never used. Allowed unused vars must match /^_/u        @typescript-eslint/no-unused-vars
  Line 1093:7:  'createUMLElement' is assigned a value but never used. Allowed unused vars must match /^_/u            @typescript-eslint/no-unused-vars
  Line 1241:7:  'createElement' is assigned a value but never used. Allowed unused vars must match /^_/u               @typescript-eslint/no-unused-vars
  Line 1471:7:  'createLink' is assigned a value but never used. Allowed unused vars must match /^_/u                  @typescript-eslint/no-unused-vars
  Line 2234:7:  'getElectricalElementAttrs' is assigned a value but never used. Allowed unused vars must match /^_/u   @typescript-eslint/no-unused-vars
  Line 2249:7:  'getElectricalElementMarkup' is assigned a value but never used. Allowed unused vars must match /^_/u  @typescript-eslint/no-unused-vars
  Line 2308:7:  'createJointPort' is assigned a value but never used. Allowed unused vars must match /^_/u             @typescript-eslint/no-unused-vars
  Line 2378:7:  'createDatabaseElement' is assigned a value but never used. Allowed unused vars must match /^_/u       @typescript-eslint/no-unused-vars
  Line 2439:7:  'createStorageElement' is assigned a value but never used. Allowed unused vars must match /^_/u        @typescript-eslint/no-unused-vars
  Line 2839:7:  'createLogicGate' is assigned a value but never used. Allowed unused vars must match /^_/u             @typescript-eslint/no-unused-vars
  Line 2847:7:  'createCustomElement' is assigned a value but never used. Allowed unused vars must match /^_/u         @typescript-eslint/no-unused-vars

src/plugins/d3/layoutEngine.ts
  Line 158:10:  'getOptimalPortSide' is defined but never used. Allowed unused vars must match /^_/u   @typescript-eslint/no-unused-vars
  Line 240:15:  'sourceNode' is assigned a value but never used. Allowed unused vars must match /^_/u  @typescript-eslint/no-unused-vars
  Line 241:15:  'targetNode' is assigned a value but never used. Allowed unused vars must match /^_/u  @typescript-eslint/no-unused-vars
  Line 494:50:  'wp' is defined but never used. Allowed unused args must match /^_/u                   @typescript-eslint/no-unused-vars

src/plugins/d3/mermaidEnhancer.ts
  Line 396:26:    'diagramType' is defined but never used. Allowed unused args must match /^_/u                   @typescript-eslint/no-unused-vars
  Line 473:43:    Unnecessary escape character: \{                                                                no-useless-escape
  Line 473:45:    Unnecessary escape character: \[                                                                no-useless-escape
  Line 473:47:    Unnecessary escape character: \(                                                                no-useless-escape
  Line 473:54:    Unnecessary escape character: \}                                                                no-useless-escape
  Line 473:58:    Unnecessary escape character: \)                                                                no-useless-escape
  Line 473:66:    Unnecessary escape character: \}                                                                no-useless-escape
  Line 473:70:    Unnecessary escape character: \)                                                                no-useless-escape
  Line 508:26:    'diagramType' is defined but never used. Allowed unused args must match /^_/u                   @typescript-eslint/no-unused-vars
  Line 663:26:    'diagramType' is defined but never used. Allowed unused args must match /^_/u                   @typescript-eslint/no-unused-vars
  Line 704:26:    'diagramType' is defined but never used. Allowed unused args must match /^_/u                   @typescript-eslint/no-unused-vars
  Line 748:26:    'diagramType' is defined but never used. Allowed unused args must match /^_/u                   @typescript-eslint/no-unused-vars
  Line 773:26:    'diagramType' is defined but never used. Allowed unused args must match /^_/u                   @typescript-eslint/no-unused-vars
  Line 798:26:    'diagramType' is defined but never used. Allowed unused args must match /^_/u                   @typescript-eslint/no-unused-vars
  Line 822:26:    'diagramType' is defined but never used. Allowed unused args must match /^_/u                   @typescript-eslint/no-unused-vars
  Line 847:26:    'diagramType' is defined but never used. Allowed unused args must match /^_/u                   @typescript-eslint/no-unused-vars
  Line 861:92:    'criticalPart' is defined but never used. Allowed unused args must match /^_/u                  @typescript-eslint/no-unused-vars
  Line 861:106:   'rest' is defined but never used. Allowed unused args must match /^_/u                          @typescript-eslint/no-unused-vars
  Line 983:49:    Function declared in a loop contains unsafe references to variable(s) 'result'                  no-loop-func
  Line 1088:13:   'linkPatterns' is assigned a value but never used. Allowed unused vars must match /^_/u         @typescript-eslint/no-unused-vars
  Line 1182:41:   Unnecessary escape character: \[                                                                no-useless-escape
  Line 1182:43:   Unnecessary escape character: \(                                                                no-useless-escape
  Line 1182:52:   Unnecessary escape character: \[                                                                no-useless-escape
  Line 1182:54:   Unnecessary escape character: \(                                                                no-useless-escape
  Line 1199:39:   Unnecessary escape character: \/                                                                no-useless-escape
  Line 1268:26:   'diagramType' is defined but never used. Allowed unused args must match /^_/u                   @typescript-eslint/no-unused-vars
  Line 1545:17:   'needsTerminationFix' is assigned a value but never used. Allowed unused vars must match /^_/u  @typescript-eslint/no-unused-vars
  Line 1562:38:   'type' is defined but never used. Allowed unused args must match /^_/u                          @typescript-eslint/no-unused-vars
  Line 1774:15:   Unnecessary escape character: \/                                                                no-useless-escape
  Line 1774:23:   Unnecessary escape character: \.                                                                no-useless-escape
  Line 1818:15:   Unnecessary escape character: \/                                                                no-useless-escape
  Line 1818:23:   Unnecessary escape character: \.                                                                no-useless-escape
  Line 1865:19:   'type' is defined but never used. Allowed unused args must match /^_/u                          @typescript-eslint/no-unused-vars
  Line 1908:13:   Unnecessary escape character: \/                                                                no-useless-escape
  Line 1908:15:   Unnecessary escape character: \[                                                                no-useless-escape
  Line 2126:26:   'diagramType' is defined but never used. Allowed unused args must match /^_/u                   @typescript-eslint/no-unused-vars
  Line 2161:38:   'type' is defined but never used. Allowed unused args must match /^_/u                          @typescript-eslint/no-unused-vars
  Line 2186:38:   'type' is defined but never used. Allowed unused args must match /^_/u                          @typescript-eslint/no-unused-vars
  Line 2214:38:   'type' is defined but never used. Allowed unused args must match /^_/u                          @typescript-eslint/no-unused-vars
  Line 2252:38:   'type' is defined but never used. Allowed unused args must match /^_/u                          @typescript-eslint/no-unused-vars
  Line 2294:19:   'type' is defined but never used. Allowed unused args must match /^_/u                          @typescript-eslint/no-unused-vars
  Line 2446:38:   'type' is defined but never used. Allowed unused args must match /^_/u                          @typescript-eslint/no-unused-vars
  Line 2562:125:  Unexpected mix of '||' and '&&'. Use parentheses to clarify the intended order of operations    no-mixed-operators
  Line 2563:60:   Unexpected mix of '||' and '&&'. Use parentheses to clarify the intended order of operations    no-mixed-operators
  Line 2725:26:   'diagramType' is defined but never used. Allowed unused args must match /^_/u                   @typescript-eslint/no-unused-vars
  Line 2781:38:   'type' is defined but never used. Allowed unused args must match /^_/u                          @typescript-eslint/no-unused-vars
  Line 2791:38:   'type' is defined but never used. Allowed unused args must match /^_/u                          @typescript-eslint/no-unused-vars
  Line 2830:38:   'type' is defined but never used. Allowed unused args must match /^_/u                          @typescript-eslint/no-unused-vars
  Line 2859:38:   'type' is defined but never used. Allowed unused args must match /^_/u                          @typescript-eslint/no-unused-vars
  Line 2870:38:   'type' is defined but never used. Allowed unused args must match /^_/u                          @typescript-eslint/no-unused-vars
  Line 2886:38:   'type' is defined but never used. Allowed unused args must match /^_/u                          @typescript-eslint/no-unused-vars
  Line 2982:38:   'type' is defined but never used. Allowed unused args must match /^_/u                          @typescript-eslint/no-unused-vars
  Line 3055:36:   'diagramType' is assigned a value but never used. Allowed unused vars must match /^_/u          @typescript-eslint/no-unused-vars
  Line 3174:48:   'fillColor' is defined but never used. Allowed unused args must match /^_/u                     @typescript-eslint/no-unused-vars
  Line 3190:10:   'getOptimalTextColor' is defined but never used. Allowed unused vars must match /^_/u           @typescript-eslint/no-unused-vars
  Line 3380:38:   'type' is defined but never used. Allowed unused args must match /^_/u                          @typescript-eslint/no-unused-vars

src/plugins/d3/mermaidPlugin.ts
  Line 2:30:    'enhancePacketDarkMode' is defined but never used. Allowed unused vars must match /^_/u        @typescript-eslint/no-unused-vars
  Line 3:10:    'isDiagramDefinitionComplete' is defined but never used. Allowed unused vars must match /^_/u  @typescript-eslint/no-unused-vars
  Line 6:10:    'hexToRgb' is defined but never used. Allowed unused vars must match /^_/u                     @typescript-eslint/no-unused-vars
  Line 468:13:  'renderError' is assigned a value but never used. Allowed unused vars must match /^_/u         @typescript-eslint/no-unused-vars
  Line 507:13:  Do not assign to the exception parameter                                                       no-ex-assign

src/plugins/d3/renderers/mermaidRenderer.ts
  Line 10:5:  'COLOR_PALETTES' is defined but never used. Allowed unused vars must match /^_/u  @typescript-eslint/no-unused-vars

src/plugins/d3/vegaLitePlugin.ts
  Line 979:17:    'cellWidth' is assigned a value but never used. Allowed unused vars must match /^_/u          @typescript-eslint/no-unused-vars
  Line 980:17:    'cellHeight' is assigned a value but never used. Allowed unused vars must match /^_/u         @typescript-eslint/no-unused-vars
  Line 988:23:    'width' is assigned a value but never used. Allowed unused vars must match /^_/u              @typescript-eslint/no-unused-vars
  Line 988:30:    'height' is assigned a value but never used. Allowed unused vars must match /^_/u             @typescript-eslint/no-unused-vars
  Line 1543:39:   'index' is defined but never used. Allowed unused args must match /^_/u                       @typescript-eslint/no-unused-vars
  Line 2031:21:   'xField' is assigned a value but never used. Allowed unused vars must match /^_/u             @typescript-eslint/no-unused-vars
  Line 2068:42:   'index' is defined but never used. Allowed unused args must match /^_/u                       @typescript-eslint/no-unused-vars
  Line 2665:101:  Unexpected mix of '||' and '&&'. Use parentheses to clarify the intended order of operations  no-mixed-operators
  Line 2665:136:  Unexpected mix of '||' and '&&'. Use parentheses to clarify the intended order of operations  no-mixed-operators
  Line 3704:43:   'layerIndex' is defined but never used. Allowed unused args must match /^_/u                  @typescript-eslint/no-unused-vars
  Line 3846:17:   'vegaWidth' is assigned a value but never used. Allowed unused vars must match /^_/u          @typescript-eslint/no-unused-vars
  Line 4478:20:   'vbX' is assigned a value but never used. Allowed unused vars must match /^_/u                @typescript-eslint/no-unused-vars
  Line 4478:25:   'vbY' is assigned a value but never used. Allowed unused vars must match /^_/u                @typescript-eslint/no-unused-vars
  Line 4668:27:   Unexpected mix of '&&' and '||'. Use parentheses to clarify the intended order of operations  no-mixed-operators
  Line 4671:11:   Unexpected mix of '&&' and '||'. Use parentheses to clarify the intended order of operations  no-mixed-operators

src/utils/containerSizing.ts
  Line 13:5:  'isDarkMode' is defined but never used. Allowed unused args must match /^_/u  @typescript-eslint/no-unused-vars

src/utils/diagramUtils.ts
  Line 28:46:  Spaces are hard to count. Use {2}  no-regex-spaces

src/utils/fileIcons.tsx
  Line 20:47:  'isOpen' is defined but never used. Allowed unused args must match /^_/u  @typescript-eslint/no-unused-vars

src/utils/fileOperationParser.ts
  Line 31:7:    'PATTERNS' is assigned a value but never used. Allowed unused vars must match /^_/u  @typescript-eslint/no-unused-vars
  Line 224:63:  Function declared in a loop contains unsafe references to variable(s) 'match'        no-loop-func

src/utils/folderUtil.ts
  Line 15:15:  'tokenCount' is assigned a value but never used. Allowed unused vars must match /^_/u  @typescript-eslint/no-unused-vars
  Line 34:7:   'filterData' is assigned a value but never used. Allowed unused vars must match /^_/u  @typescript-eslint/no-unused-vars

src/utils/logUtils.ts
  Line 6:10:  'isDebugMode' is defined but never used. Allowed unused vars must match /^_/u  @typescript-eslint/no-unused-vars

src/utils/mcpFormatter.ts
  Line 46:13:   'paramLabel' is assigned a value but never used. Allowed unused vars must match /^_/u      @typescript-eslint/no-unused-vars
  Line 457:10:  'hasSearchResultsPattern' is defined but never used. Allowed unused vars must match /^_/u  @typescript-eslint/no-unused-vars
  Line 513:10:  'formatShellCommand' is defined but never used. Allowed unused vars must match /^_/u       @typescript-eslint/no-unused-vars
  Line 545:5:   'summaryText' is assigned a value but never used. Allowed unused vars must match /^_/u     @typescript-eslint/no-unused-vars
  Line 559:60:  'options' is defined but never used. Allowed unused args must match /^_/u                  @typescript-eslint/no-unused-vars
  Line 705:17:  'key' is defined but never used. Allowed unused args must match /^_/u                      @typescript-eslint/no-unused-vars
  Line 948:10:  'formatSearchResults' is defined but never used. Allowed unused vars must match /^_/u      @typescript-eslint/no-unused-vars
  Line 1035:9:  'content' is assigned a value but never used. Allowed unused vars must match /^_/u         @typescript-eslint/no-unused-vars

src/utils/mcpFormatterLoader.ts
  Line 8:11:  'internalFormatter' is assigned a value but never used. Allowed unused vars must match /^_/u  @typescript-eslint/no-unused-vars

src/utils/prismLoader.ts
  Line 54:7:  'requiresClike' is assigned a value but never used. Allowed unused vars must match /^_/u  @typescript-eslint/no-unused-vars

Search for the keywords to learn more about each warning.
To ignore, add // eslint-disable-next-line to the line before.

'
